Release 14.7 - xst P.20131013 (nt64)
Copyright (c) 1995-2013 Xilinx, Inc.  All rights reserved.
--> Parameter TMPDIR set to xst/projnav.tmp


Total REAL time to Xst completion: 0.00 secs
Total CPU time to Xst completion: 0.07 secs
 
--> Parameter xsthdpdir set to xst


Total REAL time to Xst completion: 0.00 secs
Total CPU time to Xst completion: 0.08 secs
 
--> Reading design: top.prj

TABLE OF CONTENTS
  1) Synthesis Options Summary
  2) HDL Parsing
  3) HDL Elaboration
  4) HDL Synthesis
       4.1) HDL Synthesis Report
  5) Advanced HDL Synthesis
       5.1) Advanced HDL Synthesis Report
  6) Low Level Synthesis
  7) Partition Report
  8) Design Summary
       8.1) Primitive and Black Box Usage
       8.2) Device utilization summary
       8.3) Partition Resource Summary
       8.4) Timing Report
            8.4.1) Clock Information
            8.4.2) Asynchronous Control Signals Information
            8.4.3) Timing Summary
            8.4.4) Timing Details
            8.4.5) Cross Clock Domains Report


=========================================================================
*                      Synthesis Options Summary                        *
=========================================================================
---- Source Parameters
Input File Name                    : "top.prj"
Ignore Synthesis Constraint File   : NO

---- Target Parameters
Output File Name                   : "top"
Output Format                      : NGC
Target Device                      : xc7a100t-3-csg324

---- Source Options
Top Module Name                    : top
Automatic FSM Extraction           : YES
FSM Encoding Algorithm             : Auto
Safe Implementation                : No
FSM Style                          : LUT
RAM Extraction                     : Yes
RAM Style                          : Auto
ROM Extraction                     : Yes
Shift Register Extraction          : YES
ROM Style                          : Auto
Resource Sharing                   : YES
Asynchronous To Synchronous        : NO
Shift Register Minimum Size        : 2
Use DSP Block                      : Auto
Automatic Register Balancing       : No

---- Target Options
LUT Combining                      : Auto
Reduce Control Sets                : Auto
Add IO Buffers                     : YES
Global Maximum Fanout              : 100000
Add Generic Clock Buffer(BUFG)     : 32
Register Duplication               : YES
Optimize Instantiated Primitives   : NO
Use Clock Enable                   : Auto
Use Synchronous Set                : Auto
Use Synchronous Reset              : Auto
Pack IO Registers into IOBs        : Auto
Equivalent register Removal        : YES

---- General Options
Optimization Goal                  : Speed
Optimization Effort                : 1
Power Reduction                    : NO
Keep Hierarchy                     : No
Netlist Hierarchy                  : As_Optimized
RTL Output                         : Yes
Global Optimization                : AllClockNets
Read Cores                         : YES
Write Timing Constraints           : NO
Cross Clock Analysis               : NO
Hierarchy Separator                : /
Bus Delimiter                      : <>
Case Specifier                     : Maintain
Slice Utilization Ratio            : 100
BRAM Utilization Ratio             : 100
DSP48 Utilization Ratio            : 100
Auto BRAM Packing                  : NO
Slice Utilization Ratio Delta      : 5

=========================================================================


=========================================================================
*                          HDL Parsing                                  *
=========================================================================
Parsing VHDL file "C:\ise-vhdl\lab2\half_adder.vhd" into library work
Parsing entity <half_adder>.
Parsing architecture <Behavioral> of entity <half_adder>.
Parsing VHDL file "C:\ise-vhdl\lab2\full_adder.vhd" into library work
Parsing entity <full_adder>.
Parsing architecture <Behavioral> of entity <full_adder>.
Parsing VHDL file "C:\ise-vhdl\lab2\seven_four.vhd" into library work
Parsing entity <seven_four>.
Parsing architecture <Behavioral> of entity <seven_four>.
Parsing VHDL file "C:\ise-vhdl\lab2\four_bit_adder.vhd" into library work
Parsing entity <four_bit_adder>.
Parsing architecture <Behavioral> of entity <four_bit_adder>.
Parsing VHDL file "C:\ise-vhdl\lab2\top.vhd" into library work
Parsing entity <top>.
Parsing architecture <Behavioral> of entity <top>.

=========================================================================
*                            HDL Elaboration                            *
=========================================================================

Elaborating entity <top> (architecture <Behavioral>) from library <work>.

Elaborating entity <four_bit_adder> (architecture <Behavioral>) from library <work>.

Elaborating entity <full_adder> (architecture <Behavioral>) from library <work>.

Elaborating entity <half_adder> (architecture <Behavioral>) from library <work>.

Elaborating entity <seven_four> (architecture <Behavioral>) from library <work>.
INFO:HDLCompiler:679 - "C:\ise-vhdl\lab2\seven_four.vhd" Line 156. Case statement is complete. others clause is never selected

=========================================================================
*                           HDL Synthesis                               *
=========================================================================

Synthesizing Unit <top>.
    Related source file is "C:\ise-vhdl\lab2\top.vhd".
    Summary:
	no macro.
Unit <top> synthesized.

Synthesizing Unit <four_bit_adder>.
    Related source file is "C:\ise-vhdl\lab2\four_bit_adder.vhd".
    Summary:
	no macro.
Unit <four_bit_adder> synthesized.

Synthesizing Unit <full_adder>.
    Related source file is "C:\ise-vhdl\lab2\full_adder.vhd".
    Summary:
	no macro.
Unit <full_adder> synthesized.

Synthesizing Unit <half_adder>.
    Related source file is "C:\ise-vhdl\lab2\half_adder.vhd".
    Summary:
Unit <half_adder> synthesized.

Synthesizing Unit <seven_four>.
    Related source file is "C:\ise-vhdl\lab2\seven_four.vhd".
    Found 2-bit register for signal <sec>.
    Found 18-bit register for signal <counter>.
    Found 18-bit adder for signal <counter[17]_GND_10_o_add_4_OUT> created at line 135.
    Found 4x4-bit Read Only RAM for signal <sel>
    Found 7-bit 3-to-1 multiplexer for signal <segment> created at line 139.
    Summary:
	inferred   1 RAM(s).
	inferred   1 Adder/Subtractor(s).
	inferred  20 D-type flip-flop(s).
	inferred   1 Multiplexer(s).
Unit <seven_four> synthesized.

=========================================================================
HDL Synthesis Report

Macro Statistics
# RAMs                                                 : 1
 4x4-bit single-port Read Only RAM                     : 1
# Adders/Subtractors                                   : 1
 18-bit adder                                          : 1
# Registers                                            : 2
 18-bit register                                       : 1
 2-bit register                                        : 1
# Multiplexers                                         : 1
 7-bit 3-to-1 multiplexer                              : 1
# Xors                                                 : 10
 1-bit xor2                                            : 10

=========================================================================

=========================================================================
*                       Advanced HDL Synthesis                          *
=========================================================================


Synthesizing (advanced) Unit <seven_four>.
The following registers are absorbed into counter <counter>: 1 register on signal <counter>.
INFO:Xst:3231 - The small RAM <Mram_sel> will be implemented on LUTs in order to maximize performance and save block RAM resources. If you want to force its implementation on block, use option/constraint ram_style.
    -----------------------------------------------------------------------
    | ram_type           | Distributed                         |          |
    -----------------------------------------------------------------------
    | Port A                                                              |
    |     aspect ratio   | 4-word x 4-bit                      |          |
    |     weA            | connected to signal <GND>           | high     |
    |     addrA          | connected to signal <sec>           |          |
    |     diA            | connected to signal <GND>           |          |
    |     doA            | connected to signal <sel>           |          |
    -----------------------------------------------------------------------
Unit <seven_four> synthesized (advanced).

=========================================================================
Advanced HDL Synthesis Report

Macro Statistics
# RAMs                                                 : 1
 4x4-bit single-port distributed Read Only RAM         : 1
# Counters                                             : 1
 18-bit up counter                                     : 1
# Registers                                            : 2
 Flip-Flops                                            : 2
# Multiplexers                                         : 1
 7-bit 3-to-1 multiplexer                              : 1
# Xors                                                 : 10
 1-bit xor2                                            : 10

=========================================================================

=========================================================================
*                         Low Level Synthesis                           *
=========================================================================

Optimizing unit <top> ...

Optimizing unit <seven_four> ...

Mapping all equations...
Building and optimizing final netlist ...
Found area constraint ratio of 100 (+ 5) on block top, actual ratio is 0.

Final Macro Processing ...

=========================================================================
Final Register Report

Macro Statistics
# Registers                                            : 20
 Flip-Flops                                            : 20

=========================================================================

=========================================================================
*                           Partition Report                            *
=========================================================================

Partition Implementation Status
-------------------------------

  No Partitions were found in this design.

-------------------------------

=========================================================================
*                            Design Summary                             *
=========================================================================

Top Level Output File Name         : top.ngc

Primitive and Black Box Usage:
------------------------------
# BELS                             : 80
#      GND                         : 1
#      INV                         : 1
#      LUT1                        : 17
#      LUT2                        : 5
#      LUT3                        : 2
#      LUT4                        : 2
#      LUT5                        : 6
#      LUT6                        : 10
#      MUXCY                       : 17
#      VCC                         : 1
#      XORCY                       : 18
# FlipFlops/Latches                : 20
#      FD                          : 20
# Clock Buffers                    : 1
#      BUFGP                       : 1
# IO Buffers                       : 26
#      IBUF                        : 10
#      OBUF                        : 16

Device utilization summary:
---------------------------

Selected Device : 7a100tcsg324-3 


Slice Logic Utilization: 
 Number of Slice Registers:              20  out of  126800     0%  
 Number of Slice LUTs:                   43  out of  63400     0%  
    Number used as Logic:                43  out of  63400     0%  

Slice Logic Distribution: 
 Number of LUT Flip Flop pairs used:     44
   Number with an unused Flip Flop:      24  out of     44    54%  
   Number with an unused LUT:             1  out of     44     2%  
   Number of fully used LUT-FF pairs:    19  out of     44    43%  
   Number of unique control sets:         1

IO Utilization: 
 Number of IOs:                          27
 Number of bonded IOBs:                  27  out of    210    12%  

Specific Feature Utilization:
 Number of BUFG/BUFGCTRLs:                1  out of     32     3%  

---------------------------
Partition Resource Summary:
---------------------------

  No Partitions were found in this design.

---------------------------


=========================================================================
Timing Report

NOTE: THESE TIMING NUMBERS ARE ONLY A SYNTHESIS ESTIMATE.
      FOR ACCURATE TIMING INFORMATION PLEASE REFER TO THE TRACE REPORT
      GENERATED AFTER PLACE-and-ROUTE.

Clock Information:
------------------
-----------------------------------+------------------------+-------+
Clock Signal                       | Clock buffer(FF name)  | Load  |
-----------------------------------+------------------------+-------+
clk                                | BUFGP                  | 20    |
-----------------------------------+------------------------+-------+

Asynchronous Control Signals Information:
----------------------------------------
No asynchronous control signals found in this design

Timing Summary:
---------------
Speed Grade: -3

   Minimum period: 1.852ns (Maximum Frequency: 539.869MHz)
   Minimum input arrival time before clock: No path found
   Maximum output required time after clock: 1.477ns
   Maximum combinational path delay: 2.662ns

Timing Details:
---------------
All values displayed in nanoseconds (ns)

=========================================================================
Timing constraint: Default period analysis for Clock 'clk'
  Clock period: 1.852ns (frequency: 539.869MHz)
  Total number of paths / destination ports: 173 / 20
-------------------------------------------------------------------------
Delay:               1.852ns (Levels of Logic = 19)
  Source:            A2/counter_0 (FF)
  Destination:       A2/counter_17 (FF)
  Source Clock:      clk rising
  Destination Clock: clk rising

  Data Path: A2/counter_0 to A2/counter_17
                                Gate     Net
    Cell:in->out      fanout   Delay   Delay  Logical Name (Net Name)
    ----------------------------------------  ------------
     FD:C->Q               1   0.361   0.279  A2/counter_0 (A2/counter_0)
     INV:I->O              1   0.113   0.000  A2/Mcount_counter_lut<0>_INV_0 (A2/Mcount_counter_lut<0>)
     MUXCY:S->O            1   0.353   0.000  A2/Mcount_counter_cy<0> (A2/Mcount_counter_cy<0>)
     MUXCY:CI->O           1   0.023   0.000  A2/Mcount_counter_cy<1> (A2/Mcount_counter_cy<1>)
     MUXCY:CI->O           1   0.023   0.000  A2/Mcount_counter_cy<2> (A2/Mcount_counter_cy<2>)
     MUXCY:CI->O           1   0.023   0.000  A2/Mcount_counter_cy<3> (A2/Mcount_counter_cy<3>)
     MUXCY:CI->O           1   0.023   0.000  A2/Mcount_counter_cy<4> (A2/Mcount_counter_cy<4>)
     MUXCY:CI->O           1   0.023   0.000  A2/Mcount_counter_cy<5> (A2/Mcount_counter_cy<5>)
     MUXCY:CI->O           1   0.023   0.000  A2/Mcount_counter_cy<6> (A2/Mcount_counter_cy<6>)
     MUXCY:CI->O           1   0.023   0.000  A2/Mcount_counter_cy<7> (A2/Mcount_counter_cy<7>)
     MUXCY:CI->O           1   0.023   0.000  A2/Mcount_counter_cy<8> (A2/Mcount_counter_cy<8>)
     MUXCY:CI->O           1   0.023   0.000  A2/Mcount_counter_cy<9> (A2/Mcount_counter_cy<9>)
     MUXCY:CI->O           1   0.023   0.000  A2/Mcount_counter_cy<10> (A2/Mcount_counter_cy<10>)
     MUXCY:CI->O           1   0.023   0.000  A2/Mcount_counter_cy<11> (A2/Mcount_counter_cy<11>)
     MUXCY:CI->O           1   0.023   0.000  A2/Mcount_counter_cy<12> (A2/Mcount_counter_cy<12>)
     MUXCY:CI->O           1   0.023   0.000  A2/Mcount_counter_cy<13> (A2/Mcount_counter_cy<13>)
     MUXCY:CI->O           1   0.023   0.000  A2/Mcount_counter_cy<14> (A2/Mcount_counter_cy<14>)
     MUXCY:CI->O           1   0.023   0.000  A2/Mcount_counter_cy<15> (A2/Mcount_counter_cy<15>)
     MUXCY:CI->O           0   0.023   0.000  A2/Mcount_counter_cy<16> (A2/Mcount_counter_cy<16>)
     XORCY:CI->O           1   0.370   0.000  A2/Mcount_counter_xor<17> (A2/Result<17>)
     FD:D                      0.008          A2/counter_17
    ----------------------------------------
    Total                      1.852ns (1.573ns logic, 0.279ns route)
                                       (84.9% logic, 15.1% route)

=========================================================================
Timing constraint: Default OFFSET OUT AFTER for Clock 'clk'
  Total number of paths / destination ports: 22 / 11
-------------------------------------------------------------------------
Offset:              1.477ns (Levels of Logic = 2)
  Source:            A2/sec_0 (FF)
  Destination:       seg_out<7> (PAD)
  Source Clock:      clk rising

  Data Path: A2/sec_0 to seg_out<7>
                                Gate     Net
    Cell:in->out      fanout   Delay   Delay  Logical Name (Net Name)
    ----------------------------------------  ------------
     FD:C->Q              11   0.361   0.740  A2/sec_0 (A2/sec_0)
     LUT6:I0->O            1   0.097   0.279  A2/Mmux_segment21 (seg_out_2_OBUF)
     OBUF:I->O                 0.000          seg_out_2_OBUF (seg_out<2>)
    ----------------------------------------
    Total                      1.477ns (0.458ns logic, 1.019ns route)
                                       (31.0% logic, 69.0% route)

=========================================================================
Timing constraint: Default path analysis
  Total number of paths / destination ports: 228 / 7
-------------------------------------------------------------------------
Delay:               2.662ns (Levels of Logic = 6)
  Source:            inp1<1> (PAD)
  Destination:       seg_out<7> (PAD)

  Data Path: inp1<1> to seg_out<7>
                                Gate     Net
    Cell:in->out      fanout   Delay   Delay  Logical Name (Net Name)
    ----------------------------------------  ------------
     IBUF:I->O             9   0.001   0.593  inp1_1_IBUF (inp1_1_IBUF)
     LUT4:I0->O            2   0.097   0.299  A1/U3/ha_high/Mxor_s1_xo<0>21 (A1/U3/ha_high/Mxor_s1_xo<0>2)
     LUT5:I4->O            7   0.097   0.721  A1/U4/ha_high/Mxor_s1_xo<0>1 (w1<3>)
     LUT6:I0->O            1   0.097   0.379  A2/Mmux_segment71 (A2/Mmux_segment7)
     LUT6:I4->O            1   0.097   0.279  A2/Mmux_segment72 (seg_out_7_OBUF)
     OBUF:I->O                 0.000          seg_out_7_OBUF (seg_out<7>)
    ----------------------------------------
    Total                      2.662ns (0.389ns logic, 2.273ns route)
                                       (14.6% logic, 85.4% route)

=========================================================================

Cross Clock Domains Report:
--------------------------

Clock to Setup on destination clock clk
---------------+---------+---------+---------+---------+
               | Src:Rise| Src:Fall| Src:Rise| Src:Fall|
Source Clock   |Dest:Rise|Dest:Rise|Dest:Fall|Dest:Fall|
---------------+---------+---------+---------+---------+
clk            |    1.852|         |         |         |
---------------+---------+---------+---------+---------+

=========================================================================


Total REAL time to Xst completion: 6.00 secs
Total CPU time to Xst completion: 6.55 secs
 
--> 

Total memory usage is 4618940 kilobytes

Number of errors   :    0 (   0 filtered)
Number of warnings :    0 (   0 filtered)
Number of infos    :    1 (   0 filtered)

